// Jest Snapshot v1, https://goo.gl/fbAQLP

exports[`Header renders correctly 1`] = `
<div
  class="sc-bdVaJa beifWJ"
>
  <header
    class="sc-bwzfXH jlNGUd"
  >
    <p>
      header
    </p>
  </header>
</div>
`;
