// Jest Snapshot v1, https://goo.gl/fbAQLP

exports[`Badge renders correctly 1`] = `
<div
  class="sc-bdVaJa hoPhFN"
  type="default"
>
  99
</div>
`;
