// Jest Snapshot v1, https://goo.gl/fbAQLP

exports[`Menu renders correctly 1`] = `
<div
  class="sc-EHOje hyeoYS"
>
  <div
    class="sc-bZQynM bhfddE"
  >
    <button
      class="sc-gZMcBi gAQHhU sc-bxivhb cGNDPq"
      title="Item 1"
      type="button"
    >
      Item 1
    </button>
  </div>
</div>
`;
